nginx
gcr.io/google-containers/sidecar
kiwigrid/k8s-sidecar