registry.k8s.io/nginx-slim:0.8
gcr.io/google-containers/sidecar
kiwigrid/k8s-sidecar