gcr.io/google-containers/busybox
gcr.io/google-containers/sidecar
kiwigrid/k8s-sidecar